###############################################################################
#
# IAR ELF Linker V8.40.1.212/W32 for ARM                  25/Oct/2020  17:56:12
# Copyright 2007-2019 IAR Systems AB.
#
#    Output file  =
#        E:\qingshu_STM32\STM32\F407_Car_\EWARM\F407_Car_\Exe\F407_Car_.out
#    Map file     =
#        E:\qingshu_STM32\STM32\F407_Car_\EWARM\F407_Car_\List\F407_Car_.map
#    Command line =
#        -f C:\Users\91243\AppData\Local\Temp\EWAAC1.tmp
#        (E:\qingshu_STM32\STM32\F407_Car_\EWARM\F407_Car_\Obj\bsp_PID.o
#        E:\qingshu_STM32\STM32\F407_Car_\EWARM\F407_Car_\Obj\gpio.o
#        E:\qingshu_STM32\STM32\F407_Car_\EWARM\F407_Car_\Obj\main.o
#        E:\qingshu_STM32\STM32\F407_Car_\EWARM\F407_Car_\Obj\startup_stm32f407xx.o
#        E:\qingshu_STM32\STM32\F407_Car_\EWARM\F407_Car_\Obj\stm32f4xx_hal.o
#        E:\qingshu_STM32\STM32\F407_Car_\EWARM\F407_Car_\Obj\stm32f4xx_hal_cortex.o
#        E:\qingshu_STM32\STM32\F407_Car_\EWARM\F407_Car_\Obj\stm32f4xx_hal_dma.o
#        E:\qingshu_STM32\STM32\F407_Car_\EWARM\F407_Car_\Obj\stm32f4xx_hal_dma_ex.o
#        E:\qingshu_STM32\STM32\F407_Car_\EWARM\F407_Car_\Obj\stm32f4xx_hal_exti.o
#        E:\qingshu_STM32\STM32\F407_Car_\EWARM\F407_Car_\Obj\stm32f4xx_hal_flash.o
#        E:\qingshu_STM32\STM32\F407_Car_\EWARM\F407_Car_\Obj\stm32f4xx_hal_flash_ex.o
#        E:\qingshu_STM32\STM32\F407_Car_\EWARM\F407_Car_\Obj\stm32f4xx_hal_flash_ramfunc.o
#        E:\qingshu_STM32\STM32\F407_Car_\EWARM\F407_Car_\Obj\stm32f4xx_hal_gpio.o
#        E:\qingshu_STM32\STM32\F407_Car_\EWARM\F407_Car_\Obj\stm32f4xx_hal_msp.o
#        E:\qingshu_STM32\STM32\F407_Car_\EWARM\F407_Car_\Obj\stm32f4xx_hal_pwr.o
#        E:\qingshu_STM32\STM32\F407_Car_\EWARM\F407_Car_\Obj\stm32f4xx_hal_pwr_ex.o
#        E:\qingshu_STM32\STM32\F407_Car_\EWARM\F407_Car_\Obj\stm32f4xx_hal_rcc.o
#        E:\qingshu_STM32\STM32\F407_Car_\EWARM\F407_Car_\Obj\stm32f4xx_hal_rcc_ex.o
#        E:\qingshu_STM32\STM32\F407_Car_\EWARM\F407_Car_\Obj\stm32f4xx_hal_tim.o
#        E:\qingshu_STM32\STM32\F407_Car_\EWARM\F407_Car_\Obj\stm32f4xx_hal_tim_ex.o
#        E:\qingshu_STM32\STM32\F407_Car_\EWARM\F407_Car_\Obj\stm32f4xx_hal_uart.o
#        E:\qingshu_STM32\STM32\F407_Car_\EWARM\F407_Car_\Obj\stm32f4xx_it.o
#        E:\qingshu_STM32\STM32\F407_Car_\EWARM\F407_Car_\Obj\system_stm32f4xx.o
#        E:\qingshu_STM32\STM32\F407_Car_\EWARM\F407_Car_\Obj\tim.o
#        E:\qingshu_STM32\STM32\F407_Car_\EWARM\F407_Car_\Obj\usart.o
#        --redirect _Printf=_PrintfFull --redirect _Scanf=_ScanfFull
#        --no_out_extension -o
#        E:\qingshu_STM32\STM32\F407_Car_\EWARM\F407_Car_\Exe\F407_Car_.out
#        --map
#        E:\qingshu_STM32\STM32\F407_Car_\EWARM\F407_Car_\List\F407_Car_.map
#        --config E:\qingshu_STM32\STM32\F407_Car_\EWARM/stm32f407xx_flash.icf
#        --semihosting --entry __iar_program_start --vfe --text_out locale)
#
###############################################################################

*******************************************************************************
*** RUNTIME MODEL ATTRIBUTES
***

CppFlavor       = *
__SystemLibrary = DLib
__dlib_version  = 6


*******************************************************************************
*** HEAP SELECTION
***

The basic heap was selected because no calls to memory allocation
functions were found in the application outside of system library
functions, and there are calls to deallocation functions in the
application.


*******************************************************************************
*** PLACEMENT SUMMARY
***

"A0":  place at address 0x800'0000 { ro section .intvec };
"P1":  place in [from 0x800'0000 to 0x80f'ffff] { ro };
define block CSTACK with size = 1K, alignment = 8 { };
define block HEAP with size = 512, alignment = 8 { };
"P2":  place in [from 0x2000'0000 to 0x2001'ffff] {
          rw, block CSTACK, block HEAP };
initialize by copy { rw };

  Section            Kind         Address    Size  Object
  -------            ----         -------    ----  ------
"A0":                                       0x188
  .intvec            ro code   0x800'0000   0x188  startup_stm32f407xx.o [1]
                             - 0x800'0188   0x188

"P1":                                      0x3b93
  .text              ro code   0x800'0188  0x10c6  xprintffull.o [2]
  .text              ro code   0x800'124e    0x3a  zero_init3.o [4]
  .text              ro code   0x800'1288    0x7c  xlocale_c.o [2]
  .text              ro code   0x800'1304    0x16  strchr.o [4]
  .text              ro code   0x800'131a    0x1e  xencoding_8859_1.o [2]
  .text              ro code   0x800'1338    0x40  xfail_s.o [2]
  .text              ro code   0x800'1378    0x36  strlen.o [4]
  .rodata            const     0x800'13ae     0x2  xlocale_c.o [2]
  .text              ro code   0x800'13b0    0x58  memchr.o [4]
  .text              ro code   0x800'1408    0xa6  ABImemcpy.o [4]
  .rodata            const     0x800'14ae     0x2  xlocale_c.o [2]
  .text              ro code   0x800'14b0    0x70  frexp.o [3]
  .text              ro code   0x800'1520    0x2e  DblCmpLe.o [3]
  .rodata            const     0x800'154e     0x1  xlocale_c.o [2]
  .text              ro code   0x800'1550    0x2e  DblCmpGe.o [3]
  .text              ro code   0x800'1580   0x13a  ldexp.o [3]
  .text              ro code   0x800'16bc    0x3a  DblToS32.o [3]
  .text              ro code   0x800'16f8    0x22  S32ToDbl.o [3]
  .text              ro code   0x800'171c    0xe2  DblSub.o [3]
  .text              ro code   0x800'1800   0x246  DblDiv.o [3]
  .text              ro code   0x800'1a48    0x28  DblToU32.o [3]
  .text              ro code   0x800'1a70    0x1a  U32ToDbl.o [3]
  .text              ro code   0x800'1a8c   0x1a2  DblMul.o [3]
  .text              ro code   0x800'1c2e     0xa  xmbcurmax.o [2]
  .text              ro code   0x800'1c38   0x106  I64DivMod_small.o [4]
  .text              ro code   0x800'1d3e     0x6  abort.o [2]
  .text              ro code   0x800'1d44   0x16a  DblAdd.o [3]
  .text              ro code   0x800'1eb0     0x2  I64DivZer.o [4]
  .text              ro code   0x800'1eb4    0x14  exit.o [5]
  .text              ro code   0x800'1ec8   0x906  stm32f4xx_hal_tim.o [1]
  .text              ro code   0x800'27d0   0x2c4  tim.o [1]
  .text              ro code   0x800'2a94     0x2  stm32f4xx_hal_tim.o [1]
  .text              ro code   0x800'2a96     0x2  stm32f4xx_hal_tim.o [1]
  .text              ro code   0x800'2a98   0x19a  main.o [1]
  .text              ro code   0x800'2c32     0x2  stm32f4xx_hal_tim.o [1]
  .text              ro code   0x800'2c34     0x2  stm32f4xx_hal_tim.o [1]
  .text              ro code   0x800'2c36     0x2  stm32f4xx_hal_tim_ex.o [1]
  .text              ro code   0x800'2c38     0x2  stm32f4xx_hal_tim.o [1]
  .text              ro code   0x800'2c3a     0x2  stm32f4xx_hal_tim_ex.o [1]
  .text              ro code   0x800'2c3c     0x2  stm32f4xx_hal_tim.o [1]
  .text              ro code   0x800'2c3e    0x14  memset.o [4]
  .text              ro code   0x800'2c54    0xe0  stm32f4xx_hal_tim_ex.o [1]
  .text              ro code   0x800'2d34    0xc4  stm32f4xx_hal_cortex.o [1]
  .text              ro code   0x800'2df8   0x1dc  stm32f4xx_hal_gpio.o [1]
  .text              ro code   0x800'2fd4    0x34  stm32f4xx_hal.o [1]
  .text              ro code   0x800'3008    0x60  gpio.o [1]
  .text              ro code   0x800'3068    0xc0  usart.o [1]
  .text              ro code   0x800'3128   0x310  stm32f4xx_hal_rcc.o [1]
  .text              ro code   0x800'3438   0x1ac  stm32f4xx_hal_rcc.o [1]
  .text              ro code   0x800'35e4    0x48  FltToDbl.o [3]
  .text              ro code   0x800'362c    0x28  printf.o [2]
  .text              ro code   0x800'3654    0x66  ABImemset.o [4]
  .text              ro code   0x800'36bc    0x40  stm32f4xx_hal.o [1]
  .text              ro code   0x800'36fc    0x38  stm32f4xx_hal_msp.o [1]
  .text              ro code   0x800'3734   0x270  stm32f4xx_hal_uart.o [1]
  .text              ro code   0x800'39a4     0xc  stm32f4xx_hal.o [1]
  .text              ro code   0x800'39b0    0x78  lz77_init_single.o [4]
  .text              ro code   0x800'3a28    0x2c  system_stm32f4xx.o [1]
  .text              ro code   0x800'3a54    0x28  data_init.o [4]
  .rodata            const     0x800'3a7c    0x24  main.o [1]
  .text              ro code   0x800'3aa0    0x22  fpinit_M.o [3]
  .iar.init_table    const     0x800'3ac4    0x20  - Linker created -
  .text              ro code   0x800'3ae4    0x20  stm32f4xx_it.o [1]
  .text              ro code   0x800'3b04    0x10  stm32f4xx_hal.o [1]
  .text              ro code   0x800'3b14    0x1e  cmain.o [4]
  .text              ro code   0x800'3b32     0x4  low_level_init.o [2]
  .text              ro code   0x800'3b36     0x4  exit.o [2]
  .text              ro code   0x800'3b3c     0xa  cexit.o [4]
  .text              ro code   0x800'3b46    0x16  xprout.o [2]
  .text              ro code   0x800'3b5c     0xc  putchar.o [2]
  .text              ro code   0x800'3b68    0x10  startup_stm32f407xx.o [1]
  .text              ro code   0x800'3b78     0xc  cstartup_M.o [4]
  .rodata            const     0x800'3b84     0x8  system_stm32f4xx.o [1]
  .text              ro code   0x800'3b8c     0x4  startup_stm32f407xx.o [1]
  .text              ro code   0x800'3b90     0x4  startup_stm32f407xx.o [1]
  .text              ro code   0x800'3b94     0x4  startup_stm32f407xx.o [1]
  .text              ro code   0x800'3b98     0x4  startup_stm32f407xx.o [1]
  .text              ro code   0x800'3b9c     0x4  startup_stm32f407xx.o [1]
  .text              ro code   0x800'3ba0     0x4  startup_stm32f407xx.o [1]
  .text              ro code   0x800'3ba4     0x4  startup_stm32f407xx.o [1]
  .text              ro code   0x800'3ba8     0x4  startup_stm32f407xx.o [1]
  .text              ro code   0x800'3bac     0x4  startup_stm32f407xx.o [1]
  .text              ro code   0x800'3bb0     0x4  startup_stm32f407xx.o [1]
  .text              ro code   0x800'3bb4     0x4  startup_stm32f407xx.o [1]
  .text              ro code   0x800'3bb8     0x4  startup_stm32f407xx.o [1]
  .text              ro code   0x800'3bbc     0x4  startup_stm32f407xx.o [1]
  .text              ro code   0x800'3bc0     0x4  startup_stm32f407xx.o [1]
  .text              ro code   0x800'3bc4     0x4  startup_stm32f407xx.o [1]
  .text              ro code   0x800'3bc8     0x4  startup_stm32f407xx.o [1]
  .text              ro code   0x800'3bcc     0x4  startup_stm32f407xx.o [1]
  .text              ro code   0x800'3bd0     0x4  startup_stm32f407xx.o [1]
  .text              ro code   0x800'3bd4     0x4  startup_stm32f407xx.o [1]
  .text              ro code   0x800'3bd8     0x4  startup_stm32f407xx.o [1]
  .text              ro code   0x800'3bdc     0x4  startup_stm32f407xx.o [1]
  .text              ro code   0x800'3be0     0x4  startup_stm32f407xx.o [1]
  .text              ro code   0x800'3be4     0x4  startup_stm32f407xx.o [1]
  .text              ro code   0x800'3be8     0x4  startup_stm32f407xx.o [1]
  .text              ro code   0x800'3bec     0x4  startup_stm32f407xx.o [1]
  .text              ro code   0x800'3bf0     0x4  startup_stm32f407xx.o [1]
  .text              ro code   0x800'3bf4     0x4  startup_stm32f407xx.o [1]
  .text              ro code   0x800'3bf8     0x4  startup_stm32f407xx.o [1]
  .text              ro code   0x800'3bfc     0x4  startup_stm32f407xx.o [1]
  .text              ro code   0x800'3c00     0x4  startup_stm32f407xx.o [1]
  .text              ro code   0x800'3c04     0x4  startup_stm32f407xx.o [1]
  .text              ro code   0x800'3c08     0x4  startup_stm32f407xx.o [1]
  .text              ro code   0x800'3c0c     0x4  startup_stm32f407xx.o [1]
  .text              ro code   0x800'3c10     0x4  startup_stm32f407xx.o [1]
  .text              ro code   0x800'3c14     0x4  startup_stm32f407xx.o [1]
  .text              ro code   0x800'3c18     0x4  startup_stm32f407xx.o [1]
  .text              ro code   0x800'3c1c     0x4  startup_stm32f407xx.o [1]
  .text              ro code   0x800'3c20     0x4  startup_stm32f407xx.o [1]
  .text              ro code   0x800'3c24     0x4  startup_stm32f407xx.o [1]
  .text              ro code   0x800'3c28     0x4  startup_stm32f407xx.o [1]
  .text              ro code   0x800'3c2c     0x4  startup_stm32f407xx.o [1]
  .text              ro code   0x800'3c30     0x4  startup_stm32f407xx.o [1]
  .text              ro code   0x800'3c34     0x4  startup_stm32f407xx.o [1]
  .text              ro code   0x800'3c38     0x4  startup_stm32f407xx.o [1]
  .text              ro code   0x800'3c3c     0x4  startup_stm32f407xx.o [1]
  .text              ro code   0x800'3c40     0x4  startup_stm32f407xx.o [1]
  .text              ro code   0x800'3c44     0x4  startup_stm32f407xx.o [1]
  .text              ro code   0x800'3c48     0x4  startup_stm32f407xx.o [1]
  .text              ro code   0x800'3c4c     0x4  startup_stm32f407xx.o [1]
  .text              ro code   0x800'3c50     0x4  startup_stm32f407xx.o [1]
  .text              ro code   0x800'3c54     0x4  startup_stm32f407xx.o [1]
  .text              ro code   0x800'3c58     0x4  startup_stm32f407xx.o [1]
  .text              ro code   0x800'3c5c     0x4  startup_stm32f407xx.o [1]
  .text              ro code   0x800'3c60     0x4  startup_stm32f407xx.o [1]
  .text              ro code   0x800'3c64     0x4  startup_stm32f407xx.o [1]
  .text              ro code   0x800'3c68     0x4  startup_stm32f407xx.o [1]
  .text              ro code   0x800'3c6c     0x4  startup_stm32f407xx.o [1]
  .text              ro code   0x800'3c70     0x4  startup_stm32f407xx.o [1]
  .text              ro code   0x800'3c74     0x4  startup_stm32f407xx.o [1]
  .text              ro code   0x800'3c78     0x4  startup_stm32f407xx.o [1]
  .text              ro code   0x800'3c7c     0x4  startup_stm32f407xx.o [1]
  .text              ro code   0x800'3c80     0x4  startup_stm32f407xx.o [1]
  .text              ro code   0x800'3c84     0x4  startup_stm32f407xx.o [1]
  .text              ro code   0x800'3c88     0x4  startup_stm32f407xx.o [1]
  .text              ro code   0x800'3c8c     0x4  startup_stm32f407xx.o [1]
  .text              ro code   0x800'3c90     0x4  startup_stm32f407xx.o [1]
  .text              ro code   0x800'3c94     0x4  startup_stm32f407xx.o [1]
  .text              ro code   0x800'3c98     0x4  startup_stm32f407xx.o [1]
  .text              ro code   0x800'3c9c     0x4  startup_stm32f407xx.o [1]
  .text              ro code   0x800'3ca0     0x4  startup_stm32f407xx.o [1]
  .text              ro code   0x800'3ca4     0x4  startup_stm32f407xx.o [1]
  .text              ro code   0x800'3ca8     0x4  startup_stm32f407xx.o [1]
  .text              ro code   0x800'3cac     0x4  startup_stm32f407xx.o [1]
  .text              ro code   0x800'3cb0     0x4  startup_stm32f407xx.o [1]
  .text              ro code   0x800'3cb4     0x4  startup_stm32f407xx.o [1]
  .text              ro code   0x800'3cb8     0x4  startup_stm32f407xx.o [1]
  .text              ro code   0x800'3cbc     0x4  startup_stm32f407xx.o [1]
  .text              ro code   0x800'3cc0     0x4  startup_stm32f407xx.o [1]
  .text              ro code   0x800'3cc4     0x4  startup_stm32f407xx.o [1]
  .text              ro code   0x800'3cc8     0x4  startup_stm32f407xx.o [1]
  .rodata            const     0x800'3ccc     0x0  zero_init3.o [4]
  .rodata            const     0x800'3ccc     0x0  lz77_init_single.o [4]
  Initializer bytes  const     0x800'3ccc    0x4f  <for P2-1>
                             - 0x800'3d1b  0x3b93

"P2", part 1 of 3:                           0xd8
  P2-1                        0x2000'0000    0xd8  <Init block>
    .data            inited   0x2000'0000     0xc  stm32f4xx_hal.o [1]
    .data            inited   0x2000'000c     0x4  system_stm32f4xx.o [1]
    .data            inited   0x2000'0010    0x38  xlocale_c.o [2]
    .data            inited   0x2000'0048    0x48  xlocale_c.o [2]
    .data            inited   0x2000'0090    0x48  xfiles.o [2]
                            - 0x2000'00d8    0xd8

"P2", part 2 of 3:                          0x120
  .bss               zero     0x2000'00d8    0x50  xfiles.o [2]
  .bss               zero     0x2000'0128    0x40  tim.o [1]
  .bss               zero     0x2000'0168    0x40  tim.o [1]
  .bss               zero     0x2000'01a8    0x40  usart.o [1]
  .bss               zero     0x2000'01e8     0xc  main.o [1]
  .bss               zero     0x2000'01f4     0x4  xfail_s.o [2]
                            - 0x2000'01f8   0x120

"P2", part 3 of 3:                          0x400
  CSTACK                      0x2000'01f8   0x400  <Block>
    CSTACK           uninit   0x2000'01f8   0x400  <Block tail>
                            - 0x2000'05f8   0x400

Unused ranges:

         From           To      Size
         ----           --      ----
   0x800'3d1b   0x80f'ffff  0xf'c2e5
  0x2000'05f8  0x2001'ffff  0x1'fa08


*******************************************************************************
*** INIT TABLE
***

          Address      Size
          -------      ----
Zero (__iar_zero_init3)
    1 destination range, total size 0x120:
          0x2000'00d8  0x120

Copy/lz77 (__iar_lz77_init_single3)
    1 source range, total size 0x4f (36% of destination):
           0x800'3ccc   0x4f
    1 destination range, total size 0xd8:
          0x2000'0000   0xd8



*******************************************************************************
*** MODULE SUMMARY
***

    Module                  ro code  ro data  rw data
    ------                  -------  -------  -------
command line/config:
    -------------------------------------------------
    Total:

E:\qingshu_STM32\STM32\F407_Car_\EWARM\F407_Car_\Obj: [1]
    gpio.o                       96
    main.o                      410       36       12
    startup_stm32f407xx.o       728
    stm32f4xx_hal.o             144        4       12
    stm32f4xx_hal_cortex.o      196
    stm32f4xx_hal_gpio.o        476
    stm32f4xx_hal_msp.o          56
    stm32f4xx_hal_rcc.o       1'212
    stm32f4xx_hal_tim.o       2'322
    stm32f4xx_hal_tim_ex.o      228
    stm32f4xx_hal_uart.o        624
    stm32f4xx_it.o               32
    system_stm32f4xx.o           44        9        4
    tim.o                       708               128
    usart.o                     192                64
    -------------------------------------------------
    Total:                    7'468       49      220

dl7M_tlf.a: [2]
    abort.o                       6
    exit.o                        4
    low_level_init.o              4
    printf.o                     40
    putchar.o                    12
    xencoding_8859_1.o           30
    xfail_s.o                    64                 4
    xfiles.o                              27      152
    xlocale_c.o                 124       52      128
    xmbcurmax.o                  10
    xprintffull.o             4'294
    xprout.o                     22
    -------------------------------------------------
    Total:                    4'610       79      284

m7M_tls.a: [3]
    DblAdd.o                    362
    DblCmpGe.o                   46
    DblCmpLe.o                   46
    DblDiv.o                    582
    DblMul.o                    418
    DblSub.o                    226
    DblToS32.o                   58
    DblToU32.o                   40
    FltToDbl.o                   72
    S32ToDbl.o                   34
    U32ToDbl.o                   26
    fpinit_M.o                   34
    frexp.o                     112
    ldexp.o                     314
    -------------------------------------------------
    Total:                    2'370

rt7M_tl.a: [4]
    ABImemcpy.o                 166
    ABImemset.o                 102
    I64DivMod_small.o           262
    I64DivZer.o                   2
    cexit.o                      10
    cmain.o                      30
    cstartup_M.o                 12
    data_init.o                  40
    lz77_init_single.o          120
    memchr.o                     88
    memset.o                     20
    strchr.o                     22
    strlen.o                     54
    zero_init3.o                 58
    -------------------------------------------------
    Total:                      986

shb_l.a: [5]
    exit.o                       20
    -------------------------------------------------
    Total:                       20

    Gaps                         27        2
    Linker created                        32    1'024
-----------------------------------------------------
    Grand Total:             15'481      162    1'528


*******************************************************************************
*** ENTRY LIST
***

Entry                       Address   Size  Type      Object
-----                       -------   ----  ----      ------
.iar.init_table$$Base    0x800'3ac4          --   Gb  - Linker created -
.iar.init_table$$Limit   0x800'3ae4          --   Gb  - Linker created -
?main                    0x800'3b15         Code  Gb  cmain.o [4]
AHBPrescTable            0x800'3a44   0x10  Data  Gb  system_stm32f4xx.o [1]
APBPrescTable            0x800'3b84    0x8  Data  Gb  system_stm32f4xx.o [1]
BusFault_Handler         0x800'3aeb    0x2  Code  Gb  stm32f4xx_it.o [1]
CSTACK$$Base            0x2000'01f8          --   Gb  - Linker created -
CSTACK$$Limit           0x2000'05f8          --   Gb  - Linker created -
CacheMore                0x800'128d   0x28  Code  Lc  xlocale_c.o [2]
DebugMon_Handler         0x800'3af1    0x2  Code  Gb  stm32f4xx_it.o [1]
DutyCycle               0x2000'01ec    0x4  Data  Gb  main.o [1]
Error_Handler            0x800'2c31    0x2  Code  Gb  main.o [1]
Frequency               0x2000'01f0    0x4  Data  Gb  main.o [1]
HAL_GPIO_Init            0x800'2df9  0x1ae  Code  Gb  stm32f4xx_hal_gpio.o [1]
HAL_GetTick              0x800'39a5    0xc  Code  Wk  stm32f4xx_hal.o [1]
HAL_IncTick              0x800'3b05   0x10  Code  Wk  stm32f4xx_hal.o [1]
HAL_Init                 0x800'2fd5   0x30  Code  Gb  stm32f4xx_hal.o [1]
HAL_InitTick             0x800'36bd   0x40  Code  Wk  stm32f4xx_hal.o [1]
HAL_MspInit              0x800'36fd   0x38  Code  Gb  stm32f4xx_hal_msp.o [1]
HAL_NVIC_EnableIRQ       0x800'2da3   0x16  Code  Gb  stm32f4xx_hal_cortex.o [1]
HAL_NVIC_SetPriority     0x800'2d69   0x3a  Code  Gb  stm32f4xx_hal_cortex.o [1]
HAL_NVIC_SetPriorityGrouping
                         0x800'2d4f   0x1a  Code  Gb  stm32f4xx_hal_cortex.o [1]
HAL_RCC_ClockConfig      0x800'3439  0x100  Code  Gb  stm32f4xx_hal_rcc.o [1]
HAL_RCC_GetPCLK1Freq     0x800'3545   0x10  Code  Gb  stm32f4xx_hal_rcc.o [1]
HAL_RCC_GetPCLK2Freq     0x800'3555    0xe  Code  Gb  stm32f4xx_hal_rcc.o [1]
HAL_RCC_OscConfig        0x800'3129  0x310  Code  Wk  stm32f4xx_hal_rcc.o [1]
HAL_SYSTICK_Config       0x800'2db9   0x28  Code  Gb  stm32f4xx_hal_cortex.o [1]
HAL_TIMEx_BreakCallback
                         0x800'2c37    0x2  Code  Wk  stm32f4xx_hal_tim_ex.o [1]
HAL_TIMEx_CommutCallback
                         0x800'2c3b    0x2  Code  Wk  stm32f4xx_hal_tim_ex.o [1]
HAL_TIMEx_ConfigBreakDeadTime
                         0x800'2ce1   0x54  Code  Gb  stm32f4xx_hal_tim_ex.o [1]
HAL_TIMEx_MasterConfigSynchronization
                         0x800'2c55   0x6e  Code  Gb  stm32f4xx_hal_tim_ex.o [1]
HAL_TIM_Base_Init        0x800'1ec9   0x1a  Code  Gb  stm32f4xx_hal_tim.o [1]
HAL_TIM_Base_MspInit     0x800'29ab   0x7a  Code  Gb  tim.o [1]
HAL_TIM_ConfigClockSource
                         0x800'2305   0x90  Code  Gb  stm32f4xx_hal_tim.o [1]
HAL_TIM_IC_CaptureCallback
                         0x800'2b89   0x8c  Code  Gb  main.o [1]
HAL_TIM_IC_ConfigChannel
                         0x800'2121   0xf4  Code  Gb  stm32f4xx_hal_tim.o [1]
HAL_TIM_IC_Init          0x800'1f9d   0x1a  Code  Gb  stm32f4xx_hal_tim.o [1]
HAL_TIM_IC_Start_IT      0x800'1fc7    0xa  Code  Gb  stm32f4xx_hal_tim.o [1]
HAL_TIM_IRQHandler       0x800'1fd9  0x142  Code  Gb  stm32f4xx_hal_tim.o [1]
HAL_TIM_MspPostInit      0x800'2a25   0x38  Code  Gb  tim.o [1]
HAL_TIM_PWM_ConfigChannel
                         0x800'2215   0xbc  Code  Gb  stm32f4xx_hal_tim.o [1]
HAL_TIM_PWM_Init         0x800'1f17   0x1a  Code  Gb  stm32f4xx_hal_tim.o [1]
HAL_TIM_PWM_Start        0x800'1f31   0x14  Code  Gb  stm32f4xx_hal_tim.o [1]
HAL_TIM_ReadCapturedValue
                         0x800'23ff   0x2c  Code  Gb  stm32f4xx_hal_tim.o [1]
HAL_TIM_SlaveConfigSynchro
                         0x800'23a7   0x1e  Code  Gb  stm32f4xx_hal_tim.o [1]
HAL_UART_Init            0x800'3735   0x1e  Code  Gb  stm32f4xx_hal_uart.o [1]
HAL_UART_MspInit         0x800'3097   0x66  Code  Gb  usart.o [1]
HAL_UART_Transmit        0x800'37ab   0xaa  Code  Gb  stm32f4xx_hal_uart.o [1]
HardFault_Handler        0x800'3ae7    0x2  Code  Gb  stm32f4xx_it.o [1]
IC1Value                0x2000'01ea    0x2  Data  Gb  main.o [1]
IC2Value                0x2000'01e8    0x2  Data  Gb  main.o [1]
MX_GPIO_Init             0x800'3009   0x60  Code  Gb  gpio.o [1]
MX_TIM1_Init             0x800'27d1   0xf4  Code  Gb  tim.o [1]
MX_TIM2_Init             0x800'28cd   0xd2  Code  Gb  tim.o [1]
MX_USART1_UART_Init      0x800'3069   0x2e  Code  Gb  usart.o [1]
MemManage_Handler        0x800'3ae9    0x2  Code  Gb  stm32f4xx_it.o [1]
NMI_Handler              0x800'3ae5    0x2  Code  Gb  stm32f4xx_it.o [1]
PendSV_Handler           0x800'3af3    0x2  Code  Gb  stm32f4xx_it.o [1]
Region$$Table$$Base      0x800'3ac4          --   Gb  - Linker created -
Region$$Table$$Limit     0x800'3ae4          --   Gb  - Linker created -
SVC_Handler              0x800'3aef    0x2  Code  Gb  stm32f4xx_it.o [1]
SysTick_Handler          0x800'3af5    0x4  Code  Gb  stm32f4xx_it.o [1]
SystemClock_Config       0x800'2af3   0x96  Code  Gb  main.o [1]
SystemCoreClock         0x2000'000c    0x4  Data  Gb  system_stm32f4xx.o [1]
SystemInit               0x800'3a29   0x14  Code  Gb  system_stm32f4xx.o [1]
TIM2_IRQHandler          0x800'3af9    0x6  Code  Gb  stm32f4xx_it.o [1]
TIM_Base_SetConfig       0x800'242b   0x96  Code  Gb  stm32f4xx_hal_tim.o [1]
TIM_CCxChannelCmd        0x800'27b3   0x16  Code  Gb  stm32f4xx_hal_tim.o [1]
TIM_ETR_SetConfig        0x800'279f   0x14  Code  Gb  stm32f4xx_hal_tim.o [1]
TIM_ITRx_SetConfig       0x800'278f   0x10  Code  Lc  stm32f4xx_hal_tim.o [1]
TIM_OC1_SetConfig        0x800'24c1   0x58  Code  Lc  stm32f4xx_hal_tim.o [1]
TIM_OC2_SetConfig        0x800'2519   0x60  Code  Gb  stm32f4xx_hal_tim.o [1]
TIM_OC3_SetConfig        0x800'2579   0x5e  Code  Lc  stm32f4xx_hal_tim.o [1]
TIM_OC4_SetConfig        0x800'25d7   0x46  Code  Lc  stm32f4xx_hal_tim.o [1]
TIM_SlaveTimer_SetConfig
                         0x800'261d   0x72  Code  Lc  stm32f4xx_hal_tim.o [1]
TIM_TI1_ConfigInputStage
                         0x800'2721   0x1e  Code  Lc  stm32f4xx_hal_tim.o [1]
TIM_TI1_SetConfig        0x800'268f   0x5e  Code  Gb  stm32f4xx_hal_tim.o [1]
TIM_TI2_ConfigInputStage
                         0x800'276b   0x24  Code  Lc  stm32f4xx_hal_tim.o [1]
TIM_TI2_SetConfig        0x800'273f   0x2c  Code  Lc  stm32f4xx_hal_tim.o [1]
UART_SetConfig           0x800'38c1   0xca  Code  Lc  stm32f4xx_hal_uart.o [1]
UART_WaitOnFlagUntilTimeout
                         0x800'385d   0x56  Code  Lc  stm32f4xx_hal_uart.o [1]
UsageFault_Handler       0x800'3aed    0x2  Code  Gb  stm32f4xx_it.o [1]
_Encoding_8859_1_Mbrlen
                         0x800'132d    0x2  Code  Gb  xencoding_8859_1.o [2]
_Encoding_8859_1_Wctomb
                         0x800'131b   0x12  Code  Gb  xencoding_8859_1.o [2]
_LitobFull               0x800'109b  0x10a  Code  Lc  xprintffull.o [2]
_Locale_lconv           0x2000'0010   0x38  Data  Lc  xlocale_c.o [2]
_PrintfFull              0x800'0189  0xcc4  Code  Gb  xprintffull.o [2]
_Prout                   0x800'3b47   0x16  Code  Gb  xprout.o [2]
_PutcharsFull            0x800'120d   0x2e  Code  Lc  xprintffull.o [2]
_PutstrFull              0x800'0fdb   0xc0  Code  Lc  xprintffull.o [2]
_PuttxtFull              0x800'0ecf  0x10c  Code  Lc  xprintffull.o [2]
__NVIC_SetPriority       0x800'2d35   0x1a  Code  Lc  stm32f4xx_hal_cortex.o [1]
__aeabi_cdcmple          0x800'1521         Code  Gb  DblCmpLe.o [3]
__aeabi_cdrcmple         0x800'1551         Code  Gb  DblCmpGe.o [3]
__aeabi_d2iz             0x800'16bd         Code  Gb  DblToS32.o [3]
__aeabi_d2uiz            0x800'1a49         Code  Gb  DblToU32.o [3]
__aeabi_ddiv             0x800'1801         Code  Gb  DblDiv.o [3]
__aeabi_dmul             0x800'1a8d         Code  Gb  DblMul.o [3]
__aeabi_dsub             0x800'171d         Code  Gb  DblSub.o [3]
__aeabi_f2d              0x800'35e5         Code  Gb  FltToDbl.o [3]
__aeabi_i2d              0x800'16f9         Code  Gb  S32ToDbl.o [3]
__aeabi_ldiv0            0x800'1eb1         Code  Gb  I64DivZer.o [4]
__aeabi_memcpy           0x800'1409         Code  Gb  ABImemcpy.o [4]
__aeabi_memcpy4          0x800'1429         Code  Gb  ABImemcpy.o [4]
__aeabi_memcpy8          0x800'1429         Code  Gb  ABImemcpy.o [4]
__aeabi_memset           0x800'3655         Code  Gb  ABImemset.o [4]
__aeabi_ui2d             0x800'1a71         Code  Gb  U32ToDbl.o [3]
__cmain                  0x800'3b15         Code  Gb  cmain.o [4]
__exit                   0x800'1eb5   0x14  Code  Gb  exit.o [5]
__iar_Fail_s             0x800'1339   0x1c  Code  Gb  xfail_s.o [2]
__iar_Mbcurmax           0x800'1c2f    0xa  Code  Gb  xmbcurmax.o [2]
__iar_Memchr             0x800'13b1         Code  Gb  memchr.o [4]
__iar_Memset             0x800'3655         Code  Gb  ABImemset.o [4]
__iar_Memset_word        0x800'365d         Code  Gb  ABImemset.o [4]
__iar_Stdout            0x2000'0090   0x48  Data  Gb  xfiles.o [2]
__iar_Strchr             0x800'1305         Code  Gb  strchr.o [4]
__iar_dadd               0x800'172d         Code  Gb  DblSub.o [3]
__iar_data_init3         0x800'3a55   0x28  Code  Gb  data_init.o [4]
__iar_dsub               0x800'1d45         Code  Gb  DblAdd.o [3]
__iar_dsubStart          0x800'1d57         Code  Gb  DblAdd.o [3]
__iar_frexp              0x800'14bd         Code  Gb  frexp.o [3]
__iar_frexpl             0x800'14bd         Code  Gb  frexp.o [3]
__iar_globLocale        0x2000'0048   0x48  Data  Lc  xlocale_c.o [2]
__iar_global_Locale      0x800'1289    0x4  Code  Gb  xlocale_c.o [2]
__iar_init_vfp           0x800'3aa1         Code  Gb  fpinit_M.o [3]
__iar_ldexp64            0x800'1581         Code  Gb  ldexp.o [3]
__iar_lz77_init_single3
                         0x800'39b1   0x78  Code  Gb  lz77_init_single.o [4]
__iar_program_start      0x800'3b79         Code  Gb  cstartup_M.o [4]
__iar_scalbln64          0x800'1581         Code  Gb  ldexp.o [3]
__iar_scalbn64           0x800'1581         Code  Gb  ldexp.o [3]
__iar_small_uldivmod     0x800'1c39         Code  Gb  I64DivMod_small.o [4]
__iar_softfp___iar_frexp64
                         0x800'14b1         Code  Gb  frexp.o [3]
__iar_softfp_frexp       0x800'14b1         Code  Gb  frexp.o [3]
__iar_softfp_frexpl      0x800'14b1         Code  Gb  frexp.o [3]
__iar_zero_init3         0x800'124f   0x3a  Code  Gb  zero_init3.o [4]
__low_level_init         0x800'3b33    0x4  Code  Gb  low_level_init.o [2]
__vector_table           0x800'0000         Data  Gb  startup_stm32f407xx.o [1]
_call_main               0x800'3b21         Code  Gb  cmain.o [4]
_exit                    0x800'3b3d         Code  Gb  cexit.o [4]
_gLocale_mblen           0x800'12f1    0x4  Code  Gb  xlocale_c.o [2]
_gLocale_mblenInt        0x800'12b5   0x2c  Code  Gb  xlocale_c.o [2]
_gLocale_wctomb          0x800'12f5    0x4  Code  Gb  xlocale_c.o [2]
_gLocale_wctombInt       0x800'12ed    0x4  Code  Gb  xlocale_c.o [2]
_main                    0x800'3b2f         Code  Gb  cmain.o [4]
abort                    0x800'1d3f    0x6  Code  Gb  abort.o [2]
exit                     0x800'3b37    0x4  Code  Gb  exit.o [2]
fputc                    0x800'30fd    0xe  Code  Gb  usart.o [1]
htim1                   0x2000'0128   0x40  Data  Gb  tim.o [1]
htim2                   0x2000'0168   0x40  Data  Gb  tim.o [1]
huart1                  0x2000'01a8   0x40  Data  Gb  usart.o [1]
ldexp                    0x800'1581         Code  Gb  ldexp.o [3]
ldexpl                   0x800'1581         Code  Gb  ldexp.o [3]
localeconv               0x800'12f9    0x4  Code  Gb  xlocale_c.o [2]
main                     0x800'2a99   0x54  Code  Gb  main.o [1]
memchr                   0x800'13b1         Code  Gb  memchr.o [4]
memset                   0x800'2c3f   0x14  Code  Gb  memset.o [4]
obuf                    0x2000'00d8   0x50  Data  Lc  xfiles.o [2]
printf                   0x800'362d   0x28  Code  Gb  printf.o [2]
putchar                  0x800'3b5d    0xc  Code  Gb  putchar.o [2]
scalbln                  0x800'1581         Code  Gb  ldexp.o [3]
scalblnl                 0x800'1581         Code  Gb  ldexp.o [3]
scalbn                   0x800'1581         Code  Gb  ldexp.o [3]
scalbnl                  0x800'1581         Code  Gb  ldexp.o [3]
scale                    0x800'11a5   0x46  Code  Lc  xprintffull.o [2]
sec_hand                0x2000'01f4    0x4  Data  Lc  xfail_s.o [2]
strchr                   0x800'1305         Code  Gb  strchr.o [4]
strlen                   0x800'1379         Code  Gb  strlen.o [4]
uwTick                  0x2000'0004    0x4  Data  Gb  stm32f4xx_hal.o [1]
uwTickFreq              0x2000'0000    0x1  Data  Gb  stm32f4xx_hal.o [1]
uwTickPrio              0x2000'0008    0x4  Data  Gb  stm32f4xx_hal.o [1]


[1] = E:\qingshu_STM32\STM32\F407_Car_\EWARM\F407_Car_\Obj
[2] = dl7M_tlf.a
[3] = m7M_tls.a
[4] = rt7M_tl.a
[5] = shb_l.a

  15'481 bytes of readonly  code memory
     162 bytes of readonly  data memory
   1'528 bytes of readwrite data memory

Errors: none
Warnings: none
