################################################################################
#                                                                              #
#      IAR Universal Linker V6.5.1.95                                          #
#                                                                              #
#           Link time     =  12/Oct/2020  13:37:38                             #
#           Target CPU    =  MSP430                                            #
#           List file     =  E:\MSP430\chuan_1\Release\List\bisai_1.map        #
#           Output file 1 =  E:\MSP430\chuan_1\Release\Exe\bisai_1.txt         #
#                            Format: msp430_txt                                #
#           Command line  =  -f C:\Users\91243\AppData\Local\Temp\EW669C.tmp   #
#                            (E:\MSP430\chuan_1\Release\Obj\clk.r43            #
#                            E:\MSP430\chuan_1\Release\Obj\IIC.r43             #
#                            E:\MSP430\chuan_1\Release\Obj\IO_.r43             #
#                            E:\MSP430\chuan_1\Release\Obj\key.r43             #
#                            E:\MSP430\chuan_1\Release\Obj\main.r43            #
#                            E:\MSP430\chuan_1\Release\Obj\menu.r43            #
#                            E:\MSP430\chuan_1\Release\Obj\timer.r43 -o        #
#                            E:\MSP430\chuan_1\Release\Exe\bisai_1.txt         #
#                            -Fmsp430_txt -l                                   #
#                            E:\MSP430\chuan_1\Release\List\bisai_1.map -xms   #
#                            -ID:\MSP430_IARIDE\430\LIB\ -f                    #
#                            D:\MSP430_IARIDE\430\config\linker\lnk430f5529.xc #
#                            l                                                 #
#                            (-cmsp430 -D?CPU30_OFFSET=2 -QCODE_I=CODE_ID      #
#                            -QTLS16_I=TLS16_ID -D__iar_HWMUL=4C0              #
#                            -Z(CONST)INFO=1800-19FF                           #
#                            -Z(CONST)INFOA=1980-19FF                          #
#                            -Z(CONST)INFOB=1900-197F                          #
#                            -Z(CONST)INFOC=1880-18FF                          #
#                            -Z(CONST)INFOD=1800-187F                          #
#                            -Z(DATA)USBRAM=1C00-23FF                          #
#                            -Z(DATA)DATA16_I,DATA16_Z,DATA16_N,TLS16_I=2400-4 #
#                            3FF                                               #
#                            -Z(DATA)DATA16_HEAP+_DATA16_HEAP_SIZE             #
#                            -Z(DATA)CODE_I                                    #
#                            -Z(DATA)DATA20_I,DATA20_Z,DATA20_N,DATA20_HEAP+_D #
#                            ATA20_HEAP_SIZE                                   #
#                            -Z(DATA)CSTACK+_STACK_SIZE#                       #
#                            -Z(CONST)DATA16_C,DATA16_ID,TLS16_ID,DIFUNCT,CHEC #
#                            KSUM=4400-FF7F                                    #
#                            -Z(CODE)CSTART,ISR_CODE,CODE16=4400-FF7F          #
#                            -P(CODE)CODE=4400-FF7F,10000-243FF                #
#                            -Z(CONST)DATA20_C,DATA20_ID,CODE_ID=4400-FF7F,100 #
#                            40-243FF                                          #
#                            -Z(CODE)INTVEC=FF80-FFFF                          #
#                            -Z(CODE)RESET=FFFE-FFFF) -f                       #
#                            D:\MSP430_IARIDE\430\config\linker\multiplier32.x #
#                            cl                                                #
#                            (-e?Mul8Hw=?Mul8 -e?Mul16Hw=?Mul16                #
#                            -e?Mul16to32uHw=?Mul16to32u                       #
#                            -e?Mul16to32sHw=?Mul16to32s -e?Mul32Hw32=?Mul32   #
#                            -e?Mul64Hw32=_Mul64i                              #
#                            -e?Mul32u32uto64iHw32=_Mul32u32uto64i             #
#                            -e?Mul32fHw32=_Mul32f                             #
#                            -e_Mul64fHw32Ptr=_Mul64fPtr) -D_STACK_SIZE=A0     #
#                            D:\MSP430_IARIDE\430\lib\clib\cl430xlsf.r43       #
#                            -e_large_write=_formatted_write                   #
#                            -e_large_read=_formatted_read                     #
#                            -D_DATA16_HEAP_SIZE=A0 -s __program_start         #
#                            -D_DATA20_HEAP_SIZE=50)                           #
#                                                                              #
#                           Copyright (C) 1987-2016 IAR Systems AB.            #
################################################################################





                ****************************************
                *                                      *
                *           CROSS REFERENCE            *
                *                                      *
                ****************************************

       Program entry at :           4C3A  Relocatable, from module : ?cstart




                ****************************************
                *                                      *
                *            RUNTIME MODEL             *
                *                                      *
                ****************************************

  __SystemLibrary = CLib
  __code_model    = large
  __core          = 430X
  __data_model    = small
  __double_size   = 32
  __pic           = no
  __reg_r4        = free
  __reg_r5        = free
  __rt_version    = 3

                ****************************************
                *                                      *
                *    AUTOMATIC SYMBOL REDIRECTIONS     *
                *                                      *
                ****************************************

                  There are no automatic symbol redirections.



                ****************************************
                *                                      *
                *              MODULE MAP              *
                *                                      *
                ****************************************


  DEFINED ABSOLUTE ENTRIES
    *************************************************************************

  DEFINED ABSOLUTE ENTRIES
  PROGRAM MODULE, NAME : ?ABS_ENTRY_MOD

Absolute parts
           ENTRY                   ADDRESS         REF BY
           =====                   =======         ======
           _DATA20_HEAP_SIZE       0050 
           _DATA16_HEAP_SIZE       00A0 
           _STACK_SIZE             00A0 
           __iar_HWMUL             04C0            LCD_ShowNum (IIC)
           ?CPU30_OFFSET           0002 
    *************************************************************************

  FILE NAME : E:\MSP430\chuan_1\Release\Obj\clk.r43
  PROGRAM MODULE, NAME : clk

  SEGMENTS IN THE MODULE
  ======================
DATA16_AN
  Relative segment, address: 024A - 024B (0x2 bytes), align: 0
  Segment part 1. ROOT        Intra module refs:   ClkInit
           ENTRY                   ADDRESS         REF BY
           =====                   =======         ======
           _A_PCSEL_L              024A 
    -------------------------------------------------------------------------
DATA16_AN
  Relative segment, address: 0102 - 0103 (0x2 bytes), align: 0
  Segment part 2. ROOT        Intra module refs:   ClkInit
           ENTRY                   ADDRESS         REF BY
           =====                   =======         ======
           _A_SFRIFG1_L            0102 
    -------------------------------------------------------------------------
DATA16_AN
  Relative segment, address: 0166 - 0167 (0x2 bytes), align: 0
  Segment part 3. ROOT        Intra module refs:   ClkInit
           ENTRY                   ADDRESS         REF BY
           =====                   =======         ======
           _A_UCSCTL3_L            0166 
    -------------------------------------------------------------------------
DATA16_AN
  Relative segment, address: 0168 - 0169 (0x2 bytes), align: 0
  Segment part 4. ROOT        Intra module refs:   ClkInit
           ENTRY                   ADDRESS         REF BY
           =====                   =======         ======
           _A_UCSCTL4_L            0168 
    -------------------------------------------------------------------------
DATA16_AN
  Relative segment, address: 016C - 016D (0x2 bytes), align: 0
  Segment part 5. ROOT        Intra module refs:   ClkInit
           ENTRY                   ADDRESS         REF BY
           =====                   =======         ======
           _A_UCSCTL6_L            016C 
    -------------------------------------------------------------------------
DATA16_AN
  Relative segment, address: 016E - 016F (0x2 bytes), align: 0
  Segment part 6. ROOT        Intra module refs:   ClkInit
           ENTRY                   ADDRESS         REF BY
           =====                   =======         ======
           _A_UCSCTL7_L            016E 
    -------------------------------------------------------------------------
<CODE> 1 (was CODE)
  Relative segment, address: 5242 - 5287 (0x46 bytes), align: 1
  Segment part 8.
           ENTRY                   ADDRESS         REF BY
           =====                   =======         ======
           ClkInit                 5242            main (main)

    *************************************************************************

  FILE NAME : E:\MSP430\chuan_1\Release\Obj\IIC.r43
  PROGRAM MODULE, NAME : IIC

  SEGMENTS IN THE MODULE
  ======================
DATA16_AN
  Relative segment, address: 0242 - 0243 (0x2 bytes), align: 0
  Segment part 1. ROOT        Intra module refs:   IIC_start
                                                   IIC_stop
                                                   IIC_writebyte
                                                   KeyInit (key)
           ENTRY                   ADDRESS         REF BY
           =====                   =======         ======
           _A_PCOUT_L              0242 
    -------------------------------------------------------------------------
DATA16_AN
  Relative segment, address: 0244 - 0245 (0x2 bytes), align: 0
  Segment part 2. ROOT        Intra module refs:   IIC_ioinit
                                                   IO_config (IO_)
                                                   KeyInit (key)
           ENTRY                   ADDRESS         REF BY
           =====                   =======         ======
           _A_PCDIR_L              0244 
    -------------------------------------------------------------------------
DATA16_AN
  Relative segment, address: 0246 - 0247 (0x2 bytes), align: 0
  Segment part 3. ROOT        Intra module refs:   IIC_ioinit
                                                   IO_config (IO_)
                                                   KeyInit (key)
           ENTRY                   ADDRESS         REF BY
           =====                   =======         ======
           _A_PCREN_L              0246 
    -------------------------------------------------------------------------
DATA16_C
  Relative segment, address: 4400 - 4627 (0x228 bytes), align: 0
  Segment part 5.             Intra module refs:   LCD_ShowChar
           ENTRY                   ADDRESS         REF BY
           =====                   =======         ======
           F6x8                    4400 
    -------------------------------------------------------------------------
DATA16_C
  Relative segment, address: 4628 - 4C17 (0x5f0 bytes), align: 0
  Segment part 6.             Intra module refs:   LCD_ShowChar
           ENTRY                   ADDRESS         REF BY
           =====                   =======         ======
           F8X16                   4628 
    -------------------------------------------------------------------------
<CODE> 1 (was CODE)
  Relative segment, address: 5448 - 5455 (0xe bytes), align: 1
  Segment part 10.            Intra module refs:   LCD_Init
           ENTRY                   ADDRESS         REF BY
           =====                   =======         ======
           IIC_ioinit              5448 
    -------------------------------------------------------------------------
<CODE> 1 (was CODE)
  Relative segment, address: 50AC - 50BB (0x10 bytes), align: 1
  Segment part 11.            Intra module refs:   LCD_CLS
                                                   Segment part 24
                                                   Segment part 27
           ENTRY                   ADDRESS         REF BY
           =====                   =======         ======
           IIC_start               50AC 
    -------------------------------------------------------------------------
<CODE> 1 (was CODE)
  Relative segment, address: 50BC - 50C1 (0x6 bytes), align: 1
  Segment part 12.            Intra module refs:   IIC_start
                                                   IIC_writebyte
    -------------------------------------------------------------------------
<CODE> 1 (was CODE)
  Relative segment, address: 50C2 - 50D7 (0x16 bytes), align: 1
  Segment part 13.            Intra module refs:   LCD_CLS
                                                   Segment part 16
                                                   Segment part 29
           ENTRY                   ADDRESS         REF BY
           =====                   =======         ======
           IIC_stop                50C2 
    -------------------------------------------------------------------------
<CODE> 1 (was CODE)
  Relative segment, address: 50D8 - 5107 (0x30 bytes), align: 1
  Segment part 14.            Intra module refs:   LCD_CLS
                                                   Segment part 16
                                                   Segment part 18
                                                   Segment part 25
                                                   Segment part 29
                                                   Segment part 30
           ENTRY                   ADDRESS         REF BY
           =====                   =======         ======
           IIC_writebyte           50D8 
    -------------------------------------------------------------------------
<CODE> 1 (was CODE)
  Relative segment, address: 53CC - 53D1 (0x6 bytes), align: 1
  Segment part 15.            Intra module refs:   LCD_Init
                                                   LCD_Set_Pos
                                                   Segment part 22
           ENTRY                   ADDRESS         REF BY
           =====                   =======         ======
           IIC_writecmd            53CC 
               calls direct
    -------------------------------------------------------------------------
<CODE> 1 (was CODE)
  Relative segment, address: 53D2 - 53DF (0xe bytes), align: 1
  Segment part 16.            Intra module refs:   IIC_writecmd
    -------------------------------------------------------------------------
<CODE> 1 (was CODE)
  Relative segment, address: 53E0 - 53E9 (0xa bytes), align: 1
  Segment part 18.            Intra module refs:   IIC_writecmd
    -------------------------------------------------------------------------
<CODE> 1 (was CODE)
  Relative segment, address: 546E - 5477 (0xa bytes), align: 1
  Segment part 27.            Intra module refs:   LCD_Init
                                                   LCD_ShowChar
                                                   Segment part 18
                                                   Segment part 28
    -------------------------------------------------------------------------
<CODE> 1 (was CODE)
  Relative segment, address: 53A2 - 53CB (0x2a bytes), align: 1
  Segment part 19.            Intra module refs:   LCD_ShowChar
           ENTRY                   ADDRESS         REF BY
           =====                   =======         ======
           LCD_Set_Pos             53A2 
               calls direct
    -------------------------------------------------------------------------
<CODE> 1 (was CODE)
  Relative segment, address: 5162 - 51AD (0x4c bytes), align: 1
  Segment part 20.            Intra module refs:   LCD_Init
           ENTRY                   ADDRESS         REF BY
           =====                   =======         ======
           LCD_CLS                 5162 
               calls direct
    -------------------------------------------------------------------------
<CODE> 1 (was CODE)
  Relative segment, address: 5402 - 5405 (0x4 bytes), align: 1
  Segment part 23.            Intra module refs:   LCD_CLS
    -------------------------------------------------------------------------
<CODE> 1 (was CODE)
  Relative segment, address: 5406 - 540B (0x6 bytes), align: 1
  Segment part 24.            Intra module refs:   LCD_CLS
                                                   Segment part 23
    -------------------------------------------------------------------------
<CODE> 1 (was CODE)
  Relative segment, address: 540C - 5415 (0xa bytes), align: 1
  Segment part 25.            Intra module refs:   LCD_CLS
                                                   LCD_Init
                                                   Segment part 24
    -------------------------------------------------------------------------
<CODE> 1 (was CODE)
  Relative segment, address: 4C62 - 4D53 (0xf2 bytes), align: 1
  Segment part 21.
           ENTRY                   ADDRESS         REF BY
           =====                   =======         ======
           LCD_Init                4C62            main (main)
               calls direct
    -------------------------------------------------------------------------
<CODE> 1 (was CODE)
  Relative segment, address: 5462 - 546D (0xc bytes), align: 1
  Segment part 22.            Intra module refs:   LCD_Init
    -------------------------------------------------------------------------
<CODE> 1 (was CODE)
  Relative segment, address: 4FCE - 504B (0x7e bytes), align: 1
  Segment part 26.            Intra module refs:   LCD_ShowNum
                                                   LCD_ShowString
           ENTRY                   ADDRESS         REF BY
           =====                   =======         ======
           LCD_ShowChar            4FCE 
               calls direct
    -------------------------------------------------------------------------
<CODE> 1 (was CODE)
  Relative segment, address: 530E - 5341 (0x34 bytes), align: 1
  Segment part 31.
           ENTRY                   ADDRESS         REF BY
           =====                   =======         ======
           LCD_ShowString          530E            Segment part 45 (IO_)
               calls direct
    -------------------------------------------------------------------------
<CODE> 1 (was CODE)
  Relative segment, address: 4D54 - 4E2D (0xda bytes), align: 1
  Segment part 33.
           ENTRY                   ADDRESS         REF BY
           =====                   =======         ======
           LCD_ShowNum             4D54            Segment part 44 (IO_)
               calls direct
    -------------------------------------------------------------------------
<CODE> 1 (was CODE)
  Relative segment, address: 5416 - 541F (0xa bytes), align: 1
  Segment part 28.            Intra module refs:   LCD_ShowChar
    -------------------------------------------------------------------------
<CODE> 1 (was CODE)
  Relative segment, address: 5420 - 5427 (0x8 bytes), align: 1
  Segment part 29.            Intra module refs:   LCD_CLS
                                                   LCD_Init
                                                   LCD_ShowChar
                                                   Segment part 23
                                                   Segment part 28
    -------------------------------------------------------------------------
<CODE> 1 (was CODE)
  Relative segment, address: 5456 - 5461 (0xc bytes), align: 1
  Segment part 30.            Intra module refs:   LCD_ShowChar
                                                   Segment part 28

    *************************************************************************

  FILE NAME : E:\MSP430\chuan_1\Release\Obj\IO_.r43
  PROGRAM MODULE, NAME : IO_

  SEGMENTS IN THE MODULE
  ======================
DATA16_AN
  Relative segment, address: 0200 - 0201 (0x2 bytes), align: 0
  Segment part 1. ROOT        Intra module refs:   KeyScan (key)
                                                   list_1
           ENTRY                   ADDRESS         REF BY
           =====                   =======         ======
           _A_PAIN_L               0200 
    -------------------------------------------------------------------------
DATA16_AN
  Relative segment, address: 0202 - 0203 (0x2 bytes), align: 0
  Segment part 2. ROOT        Intra module refs:   KeyInit (key)
                                                   TURN_LEFT
                                                   TURN_RIGHT
                                                   ZHIXING
           ENTRY                   ADDRESS         REF BY
           =====                   =======         ======
           _A_PAOUT_L              0202 
    -------------------------------------------------------------------------
DATA16_AN
  Relative segment, address: 0204 - 0205 (0x2 bytes), align: 0
  Segment part 3. ROOT        Intra module refs:   IO_config
                                                   KeyInit (key)
                                                   PWM_Init (timer)
           ENTRY                   ADDRESS         REF BY
           =====                   =======         ======
           _A_PADIR_L              0204 
    -------------------------------------------------------------------------
DATA16_AN
  Relative segment, address: 0206 - 0207 (0x2 bytes), align: 0
  Segment part 4. ROOT        Intra module refs:   IO_config
                                                   KeyInit (key)
           ENTRY                   ADDRESS         REF BY
           =====                   =======         ======
           _A_PAREN_L              0206 
    -------------------------------------------------------------------------
DATA16_AN
  Relative segment, address: 0220 - 0221 (0x2 bytes), align: 0
  Segment part 5. ROOT        Intra module refs:   list_1
           ENTRY                   ADDRESS         REF BY
           =====                   =======         ======
           _A_PBIN_L               0220 
    -------------------------------------------------------------------------
DATA16_AN
  Relative segment, address: 0222 - 0223 (0x2 bytes), align: 0
  Segment part 6. ROOT        Intra module refs:   TURN_LEFT
                                                   TURN_RIGHT
                                                   ZHIXING
           ENTRY                   ADDRESS         REF BY
           =====                   =======         ======
           _A_PBOUT_L              0222 
    -------------------------------------------------------------------------
DATA16_AN
  Relative segment, address: 0224 - 0225 (0x2 bytes), align: 0
  Segment part 7. ROOT        Intra module refs:   IO_config
           ENTRY                   ADDRESS         REF BY
           =====                   =======         ======
           _A_PBDIR_L              0224 
    -------------------------------------------------------------------------
DATA16_AN
  Relative segment, address: 0226 - 0227 (0x2 bytes), align: 0
  Segment part 8. ROOT        Intra module refs:   IO_config
           ENTRY                   ADDRESS         REF BY
           =====                   =======         ======
           _A_PBREN_L              0226 
    -------------------------------------------------------------------------
DATA16_AN
  Relative segment, address: 0240 - 0241 (0x2 bytes), align: 0
  Segment part 9. ROOT        Intra module refs:   KeyScan (key)
                                                   list_1
           ENTRY                   ADDRESS         REF BY
           =====                   =======         ======
           _A_PCIN_L               0240 
    -------------------------------------------------------------------------
DATA16_AN
  Relative segment, address: 0262 - 0263 (0x2 bytes), align: 0
  Segment part 13. ROOT       Intra module refs:   TURN_LEFT
                                                   TURN_RIGHT
                                                   ZHIXING
           ENTRY                   ADDRESS         REF BY
           =====                   =======         ======
           _A_PDOUT_L              0262 
    -------------------------------------------------------------------------
DATA16_AN
  Relative segment, address: 0264 - 0265 (0x2 bytes), align: 0
  Segment part 14. ROOT       Intra module refs:   IO_config
           ENTRY                   ADDRESS         REF BY
           =====                   =======         ======
           _A_PDDIR_L              0264 
    -------------------------------------------------------------------------
DATA16_AN
  Relative segment, address: 0266 - 0267 (0x2 bytes), align: 0
  Segment part 15. ROOT       Intra module refs:   IO_config
           ENTRY                   ADDRESS         REF BY
           =====                   =======         ======
           _A_PDREN_L              0266 
    -------------------------------------------------------------------------
DATA16_AN
  Relative segment, address: 0354 - 0355 (0x2 bytes), align: 0
  Segment part 16. ROOT       Intra module refs:   PWM_Init (timer)
                                                   TURN_LEFT
                                                   TURN_RIGHT
                                                   ZHIXING
           ENTRY                   ADDRESS         REF BY
           =====                   =======         ======
           TA0CCR1                 0354 
    -------------------------------------------------------------------------
DATA16_AN
  Relative segment, address: 0356 - 0357 (0x2 bytes), align: 0
  Segment part 17. ROOT       Intra module refs:   PWM_Init (timer)
                                                   TURN_LEFT
                                                   TURN_RIGHT
                                                   ZHIXING
           ENTRY                   ADDRESS         REF BY
           =====                   =======         ======
           TA0CCR2                 0356 
    -------------------------------------------------------------------------
DATA16_AN
  Relative segment, address: 0358 - 0359 (0x2 bytes), align: 0
  Segment part 18. ROOT       Intra module refs:   PWM_Init (timer)
                                                   TURN_LEFT
                                                   TURN_RIGHT
                                                   ZHIXING
           ENTRY                   ADDRESS         REF BY
           =====                   =======         ======
           TA0CCR3                 0358 
    -------------------------------------------------------------------------
DATA16_AN
  Relative segment, address: 035A - 035B (0x2 bytes), align: 0
  Segment part 19. ROOT       Intra module refs:   PWM_Init (timer)
                                                   TURN_LEFT
                                                   TURN_RIGHT
                                                   ZHIXING
           ENTRY                   ADDRESS         REF BY
           =====                   =======         ======
           TA0CCR4                 035A 
    -------------------------------------------------------------------------
DATA16_I
  Relative segment, address: 2400 - 2401 (0x2 bytes), align: 1
  Segment part 25.            Intra module refs:   CAIDAN_xianshi
                                                   TURN_LEFT
                                                   TURN_RIGHT
           ENTRY                   ADDRESS         REF BY
           =====                   =======         ======
           ab                      2400            key3_down (menu)
    -------------------------------------------------------------------------
DATA16_Z
  Relative segment, address: 2424 - 2424 (0x1 bytes), align: 0
  Segment part 27.
           ENTRY                   ADDRESS         REF BY
           =====                   =======         ======
           tim_last                2424            key1_down (menu)
                                                   key2_down (menu)
    -------------------------------------------------------------------------
<CODE> 1 (was CODE)
  Relative segment, address: 4F48 - 4FCD (0x86 bytes), align: 1
  Segment part 36.
           ENTRY                   ADDRESS         REF BY
           =====                   =======         ======
           IO_config               4F48            main (main)
    -------------------------------------------------------------------------
<CODE> 1 (was CODE)
  Relative segment, address: 4E2E - 4E35 (0x8 bytes), align: 1
  Segment part 37.            Intra module refs:   list_1
           ENTRY                   ADDRESS         REF BY
           =====                   =======         ======
           ZHIXING                 4E2E 
    -------------------------------------------------------------------------
<CODE> 1 (was CODE)
  Relative segment, address: 4E36 - 4E51 (0x1c bytes), align: 1
  Segment part 38.            Intra module refs:   TURN_LEFT
                                                   ZHIXING
    -------------------------------------------------------------------------
<CODE> 1 (was CODE)
  Relative segment, address: 4E52 - 4E79 (0x28 bytes), align: 1
  Segment part 39.            Intra module refs:   list_1
           ENTRY                   ADDRESS         REF BY
           =====                   =======         ======
           TURN_RIGHT              4E52 
    -------------------------------------------------------------------------
<CODE> 1 (was CODE)
  Relative segment, address: 4E7A - 4E95 (0x1c bytes), align: 1
  Segment part 40.            Intra module refs:   TURN_RIGHT
                                                   ZHIXING
    -------------------------------------------------------------------------
<CODE> 1 (was CODE)
  Relative segment, address: 4E96 - 4EBB (0x26 bytes), align: 1
  Segment part 41.            Intra module refs:   list_1
           ENTRY                   ADDRESS         REF BY
           =====                   =======         ======
           TURN_LEFT               4E96 
    -------------------------------------------------------------------------
DATA16_I
  Relative segment, address: 2406 - 240B (0x6 bytes), align: 0
  Segment part 28.            Intra module refs:   CAIDAN_xianshi
           ENTRY                   ADDRESS         REF BY
           =====                   =======         ======
           string1                 2406 
    -------------------------------------------------------------------------
DATA16_I
  Relative segment, address: 240C - 2412 (0x7 bytes), align: 0
  Segment part 30.            Intra module refs:   CAIDAN_xianshi
           ENTRY                   ADDRESS         REF BY
           =====                   =======         ======
           string2                 240C 
    -------------------------------------------------------------------------
DATA16_I
  Relative segment, address: 2413 - 2418 (0x6 bytes), align: 0
  Segment part 32.            Intra module refs:   CAIDAN_xianshi
           ENTRY                   ADDRESS         REF BY
           =====                   =======         ======
           string3                 2413 
    -------------------------------------------------------------------------
DATA16_I
  Relative segment, address: 2419 - 241E (0x6 bytes), align: 0
  Segment part 34.            Intra module refs:   CAIDAN_xianshi
           ENTRY                   ADDRESS         REF BY
           =====                   =======         ======
           string4                 2419 
    -------------------------------------------------------------------------
<CODE> 1 (was CODE)
  Relative segment, address: 4EBC - 4F47 (0x8c bytes), align: 1
  Segment part 43.
           ENTRY                   ADDRESS         REF BY
           =====                   =======         ======
           CAIDAN_xianshi          4EBC            main (main)
               calls direct
    -------------------------------------------------------------------------
<CODE> 1 (was CODE)
  Relative segment, address: 5488 - 548D (0x6 bytes), align: 1
  Segment part 44.            Intra module refs:   CAIDAN_xianshi
    -------------------------------------------------------------------------
<CODE> 1 (was CODE)
  Relative segment, address: 548E - 5493 (0x6 bytes), align: 1
  Segment part 45.            Intra module refs:   CAIDAN_xianshi
    -------------------------------------------------------------------------
<CODE> 1 (was CODE)
  Relative segment, address: 51F8 - 5241 (0x4a bytes), align: 1
  Segment part 46.
           ENTRY                   ADDRESS         REF BY
           =====                   =======         ======
           list_1                  51F8            main (main)
               calls direct
    -------------------------------------------------------------------------
<CODE> 1 (was CODE)
  Relative segment, address: 5428 - 5437 (0x10 bytes), align: 1
  Segment part 47.            Intra module refs:   list_1
    -------------------------------------------------------------------------
DATA16_ID
  Relative segment, address: 4C18 - 4C19 (0x2 bytes), align: 1
  Segment part 26.            Intra module refs:   ab
    -------------------------------------------------------------------------
DATA16_ID
  Relative segment, address: 4C1E - 4C23 (0x6 bytes), align: 0
  Segment part 29.            Intra module refs:   string1
    -------------------------------------------------------------------------
DATA16_ID
  Relative segment, address: 4C24 - 4C2A (0x7 bytes), align: 0
  Segment part 31.            Intra module refs:   string2
    -------------------------------------------------------------------------
DATA16_ID
  Relative segment, address: 4C2B - 4C30 (0x6 bytes), align: 0
  Segment part 33.            Intra module refs:   string3
    -------------------------------------------------------------------------
DATA16_ID
  Relative segment, address: 4C31 - 4C36 (0x6 bytes), align: 0
  Segment part 35.            Intra module refs:   string4

    *************************************************************************

  FILE NAME : E:\MSP430\chuan_1\Release\Obj\key.r43
  PROGRAM MODULE, NAME : key

  SEGMENTS IN THE MODULE
  ======================
DATA16_Z
  Relative segment, address: 2422 - 2423 (0x2 bytes), align: 1
  Segment part 11.            Intra module refs:   KeyScan
    -------------------------------------------------------------------------
<CODE> 1 (was CODE)
  Relative segment, address: 51AE - 51F7 (0x4a bytes), align: 1
  Segment part 12.
           ENTRY                   ADDRESS         REF BY
           =====                   =======         ======
           KeyScan                 51AE            main (main)
    -------------------------------------------------------------------------
<CODE> 1 (was CODE)
  Relative segment, address: 52CC - 530D (0x42 bytes), align: 1
  Segment part 13.
           ENTRY                   ADDRESS         REF BY
           =====                   =======         ======
           KeyInit                 52CC            main (main)

    *************************************************************************

  FILE NAME : E:\MSP430\chuan_1\Release\Obj\main.r43
  PROGRAM MODULE, NAME : main

  SEGMENTS IN THE MODULE
  ======================
DATA16_AN
  Relative segment, address: 015C - 015D (0x2 bytes), align: 0
  Segment part 1. ROOT        Intra module refs:   main
           ENTRY                   ADDRESS         REF BY
           =====                   =======         ======
           _A_WDTCTL_L             015C 
    -------------------------------------------------------------------------
DATA16_I
  Relative segment, address: 241F - 241F (0x1 bytes), align: 0
  Segment part 5.             Intra module refs:   main
           ENTRY                   ADDRESS         REF BY
           =====                   =======         ======
           Question_1              241F 
    -------------------------------------------------------------------------
DATA16_Z
  Relative segment, address: 2425 - 2425 (0x1 bytes), align: 0
  Segment part 7.             Intra module refs:   main
           ENTRY                   ADDRESS         REF BY
           =====                   =======         ======
           key                     2425 
    -------------------------------------------------------------------------
<CODE> 1 (was CODE)
  Relative segment, address: 504C - 50AB (0x60 bytes), align: 1
  Segment part 8.
           ENTRY                   ADDRESS         REF BY
           =====                   =======         ======
           main                    504C            Segment part 27 (?cstart)
               calls direct
    -------------------------------------------------------------------------
DATA16_ID
  Relative segment, address: 4C37 - 4C37 (0x1 bytes), align: 0
  Segment part 6.             Intra module refs:   Question_1

    *************************************************************************

  FILE NAME : E:\MSP430\chuan_1\Release\Obj\menu.r43
  PROGRAM MODULE, NAME : menu

  SEGMENTS IN THE MODULE
  ======================
DATA16_I
  Relative segment, address: 2420 - 2420 (0x1 bytes), align: 0
  Segment part 2.             Intra module refs:   key1_down
                                                   key2_down
           ENTRY                   ADDRESS         REF BY
           =====                   =======         ======
           list                    2420 
    -------------------------------------------------------------------------
DATA16_I
  Relative segment, address: 2402 - 2403 (0x2 bytes), align: 1
  Segment part 4.             Intra module refs:   key1_down
                                                   key2_down
                                                   key3_down
                                                   key4_down
           ENTRY                   ADDRESS         REF BY
           =====                   =======         ======
           model                   2402            CAIDAN_xianshi (IO_)
    -------------------------------------------------------------------------
DATA16_I
  Relative segment, address: 2404 - 2405 (0x2 bytes), align: 1
  Segment part 6.             Intra module refs:   key1_down
                                                   key2_down
           ENTRY                   ADDRESS         REF BY
           =====                   =======         ======
           time                    2404            CAIDAN_xianshi (IO_)
    -------------------------------------------------------------------------
DATA16_Z
  Relative segment, address: 2426 - 2426 (0x1 bytes), align: 0
  Segment part 8.             Intra module refs:   key1_down
                                                   key2_down
           ENTRY                   ADDRESS         REF BY
           =====                   =======         ======
           Angle                   2426            CAIDAN_xianshi (IO_)
    -------------------------------------------------------------------------
<CODE> 1 (was CODE)
  Relative segment, address: 5288 - 52CB (0x44 bytes), align: 1
  Segment part 9.
           ENTRY                   ADDRESS         REF BY
           =====                   =======         ======
           key1_down               5288            main (main)
    -------------------------------------------------------------------------
<CODE> 1 (was CODE)
  Relative segment, address: 5342 - 5371 (0x30 bytes), align: 1
  Segment part 10.
           ENTRY                   ADDRESS         REF BY
           =====                   =======         ======
           key2_down               5342            main (main)
    -------------------------------------------------------------------------
<CODE> 1 (was CODE)
  Relative segment, address: 5478 - 547F (0x8 bytes), align: 1
  Segment part 11.
           ENTRY                   ADDRESS         REF BY
           =====                   =======         ======
           key3_down               5478            main (main)
    -------------------------------------------------------------------------
<CODE> 1 (was CODE)
  Relative segment, address: 5480 - 5487 (0x8 bytes), align: 1
  Segment part 12.
           ENTRY                   ADDRESS         REF BY
           =====                   =======         ======
           key4_down               5480            main (main)
    -------------------------------------------------------------------------
DATA16_ID
  Relative segment, address: 4C38 - 4C38 (0x1 bytes), align: 0
  Segment part 3.             Intra module refs:   list
    -------------------------------------------------------------------------
DATA16_ID
  Relative segment, address: 4C1A - 4C1B (0x2 bytes), align: 1
  Segment part 5.             Intra module refs:   model
    -------------------------------------------------------------------------
DATA16_ID
  Relative segment, address: 4C1C - 4C1D (0x2 bytes), align: 1
  Segment part 7.             Intra module refs:   time

    *************************************************************************

  FILE NAME : E:\MSP430\chuan_1\Release\Obj\timer.r43
  PROGRAM MODULE, NAME : timer

  SEGMENTS IN THE MODULE
  ======================
DATA16_AN
  Relative segment, address: 020A - 020B (0x2 bytes), align: 0
  Segment part 2. ROOT        Intra module refs:   PWM_Init
           ENTRY                   ADDRESS         REF BY
           =====                   =======         ======
           _A_PASEL_L              020A 
    -------------------------------------------------------------------------
DATA16_AN
  Relative segment, address: 0340 - 0341 (0x2 bytes), align: 0
  Segment part 3. ROOT        Intra module refs:   PWM_Init
           ENTRY                   ADDRESS         REF BY
           =====                   =======         ======
           TA0CTL                  0340 
    -------------------------------------------------------------------------
DATA16_AN
  Relative segment, address: 0344 - 0345 (0x2 bytes), align: 0
  Segment part 4. ROOT        Intra module refs:   PWM_Init
           ENTRY                   ADDRESS         REF BY
           =====                   =======         ======
           TA0CCTL1                0344 
    -------------------------------------------------------------------------
DATA16_AN
  Relative segment, address: 0346 - 0347 (0x2 bytes), align: 0
  Segment part 5. ROOT        Intra module refs:   PWM_Init
           ENTRY                   ADDRESS         REF BY
           =====                   =======         ======
           TA0CCTL2                0346 
    -------------------------------------------------------------------------
DATA16_AN
  Relative segment, address: 0348 - 0349 (0x2 bytes), align: 0
  Segment part 6. ROOT        Intra module refs:   PWM_Init
           ENTRY                   ADDRESS         REF BY
           =====                   =======         ======
           TA0CCTL3                0348 
    -------------------------------------------------------------------------
DATA16_AN
  Relative segment, address: 034A - 034B (0x2 bytes), align: 0
  Segment part 7. ROOT        Intra module refs:   PWM_Init
           ENTRY                   ADDRESS         REF BY
           =====                   =======         ======
           TA0CCTL4                034A 
    -------------------------------------------------------------------------
DATA16_AN
  Relative segment, address: 0352 - 0353 (0x2 bytes), align: 0
  Segment part 8. ROOT        Intra module refs:   PWM_Init
           ENTRY                   ADDRESS         REF BY
           =====                   =======         ======
           TA0CCR0                 0352 
    -------------------------------------------------------------------------
<CODE> 1 (was CODE)
  Relative segment, address: 5108 - 5161 (0x5a bytes), align: 1
  Segment part 17.
           ENTRY                   ADDRESS         REF BY
           =====                   =======         ======
           PWM_Init                5108            main (main)

    *************************************************************************

  FILE NAME : D:\MSP430_IARIDE\430\lib\clib\cl430xlsf.r43
  LIBRARY MODULE, NAME : ?_exit

  SEGMENTS IN THE MODULE
  ======================
<CODE> 1 (was CODE)
  Relative segment, address: 5498, align: 1
  Segment part 0.
           ENTRY                   ADDRESS         REF BY
           =====                   =======         ======
           _exit                   5498            exit (?clibexit)
    -------------------------------------------------------------------------
<CODE> 1 (was CODE)
  Relative segment, address: 5498 - 549B (0x4 bytes), align: 1
  Segment part 6.             Intra module refs:   _exit

    -------------------------------------------------------------------------
  LIBRARY MODULE, NAME : ?clibexit

  SEGMENTS IN THE MODULE
  ======================
<CODE> 1 (was CODE)
  Relative segment, address: 5494 - 5497 (0x4 bytes), align: 1
  Segment part 2.
           ENTRY                   ADDRESS         REF BY
           =====                   =======         ======
           exit                    5494            Segment part 27 (?cstart)
               calls direct

    -------------------------------------------------------------------------
  LIBRARY MODULE, NAME : ?__exit

  SEGMENTS IN THE MODULE
  ======================
<CODE> 1 (was CODE)
  Relative segment, address: 54A0 - 54A3 (0x4 bytes), align: 1
  Segment part 0.
           ENTRY                   ADDRESS         REF BY
           =====                   =======         ======
           __exit                  54A0            Segment part 6 (?_exit)
                                                   _exit (?_exit)
           ?C_EXIT                 54A0 

    -------------------------------------------------------------------------
  LIBRARY MODULE, NAME : ?cstart

  SEGMENTS IN THE MODULE
  ======================
CSTACK
  Relative segment, address: 4360, align: 1
  Segment part 1.
    -------------------------------------------------------------------------
DATA16_Z
  Relative segment, address: 2424, align: 1
  Segment part 2.
    -------------------------------------------------------------------------
DATA16_I
  Relative segment, address: 2406, align: 1
  Segment part 3.
    -------------------------------------------------------------------------
DATA16_ID
  Relative segment, address: 4C1E, align: 1
  Segment part 4.
    -------------------------------------------------------------------------
CODE_I
  Relative segment, address: 2428, align: 1
  Segment part 5.
    -------------------------------------------------------------------------
CODE_ID
  Relative segment, address: 54A4, align: 1
  Segment part 6.
    -------------------------------------------------------------------------
DATA20_Z
  Relative segment, address: 2428, align: 1
  Segment part 7.
    -------------------------------------------------------------------------
DATA20_I
  Relative segment, address: 2428, align: 1
  Segment part 8.
    -------------------------------------------------------------------------
DATA20_ID
  Relative segment, address: 54A4, align: 1
  Segment part 9.
    -------------------------------------------------------------------------
DATA20_C
  Relative segment, address: 54A4, align: 1
  Segment part 10.
    -------------------------------------------------------------------------
DATA20_N
  Relative segment, address: 2428, align: 1
  Segment part 12.
    -------------------------------------------------------------------------
CSTART
  Relative segment, address: 4C3A - 4C3D (0x4 bytes), align: 1
  Segment part 15.
           ENTRY                   ADDRESS         REF BY
           =====                   =======         ======
           __program_start         4C3A            ?reset_vector (?reset_vector)
                                                   Absolute parts (?ABS_ENTRY_MOD)
           ?cstart_begin           4C3A 
    -------------------------------------------------------------------------
CSTART
  Relative segment, address: 4C3E - 4C49 (0xc bytes), align: 1
  Segment part 20.
           ENTRY                   ADDRESS         REF BY
           =====                   =======         ======
           ?cstart_init_zero       4C3E            Angle (menu)
                                                   Segment part 11 (key)
                                                   key (main)
                                                   tim_last (IO_)
    -------------------------------------------------------------------------
CSTART
  Relative segment, address: 4C4A - 4C59 (0x10 bytes), align: 1
  Segment part 21.
           ENTRY                   ADDRESS         REF BY
           =====                   =======         ======
           ?cstart_init_copy       4C4A            Question_1 (main)
                                                   ab (IO_)
                                                   list (menu)
                                                   model (menu)
                                                   string1 (IO_)
                                                   string2 (IO_)
                                                   string3 (IO_)
                                                   string4 (IO_)
                                                   time (menu)
    -------------------------------------------------------------------------
CSTART
  Relative segment, address: 4C5A - 4C61 (0x8 bytes), align: 1
  Segment part 27.            Intra module refs:   Segment part 15
           ENTRY                   ADDRESS         REF BY
           =====                   =======         ======
           ?cstart_call_main       4C5A 
           ?cstart_end             4C62 
    -------------------------------------------------------------------------
CODE_ID
  Relative segment, address: 54A4, align: 1
  Segment part 28.            Intra module refs:   Segment part 5

    -------------------------------------------------------------------------
  LIBRARY MODULE, NAME : ?reset_vector

  SEGMENTS IN THE MODULE
  ======================
RESET
  Relative segment, address: FFFE - FFFF (0x2 bytes), align: 1
  Segment part 0.
           ENTRY                   ADDRESS         REF BY
           =====                   =======         ======
           ?reset_vector           FFFE            Segment part 15 (?cstart)

    -------------------------------------------------------------------------
  LIBRARY MODULE, NAME : ?DivMod32u

  SEGMENTS IN THE MODULE
  ======================
<CODE> 1 (was CODE)
  Relative segment, address: 5372 - 53A1 (0x30 bytes), align: 1
  Segment part 0.
           ENTRY                   ADDRESS         REF BY
           =====                   =======         ======
           ?DivMod32u              5372            LCD_ShowNum (IIC)

    -------------------------------------------------------------------------
  LIBRARY MODULE, NAME : ?memcpy

  SEGMENTS IN THE MODULE
  ======================
<CODE> 1 (was CODE)
  Relative segment, address: 53EA - 5401 (0x18 bytes), align: 1
  Segment part 2.
           ENTRY                   ADDRESS         REF BY
           =====                   =======         ======
           memcpy                  53EA            __data16_memcpy (?memzero)

    -------------------------------------------------------------------------
  LIBRARY MODULE, NAME : ?memzero

  SEGMENTS IN THE MODULE
  ======================
<CODE> 1 (was CODE)
  Relative segment, address: 5438 - 5447 (0x10 bytes), align: 1
  Segment part 2.
           ENTRY                   ADDRESS         REF BY
           =====                   =======         ======
           __data16_memzero        5438            ?cstart_init_zero (?cstart)
    -------------------------------------------------------------------------
<CODE> 1 (was CODE)
  Relative segment, address: 549C - 549F (0x4 bytes), align: 1
  Segment part 3.
           ENTRY                   ADDRESS         REF BY
           =====                   =======         ======
           __data16_memcpy         549C            ?cstart_init_copy (?cstart)
               calls direct




                ****************************************
                *                                      *
                *      SEGMENTS IN ADDRESS ORDER       *
                *                                      *
                ****************************************


SEGMENT              SPACE    START ADDRESS   END ADDRESS     SIZE  TYPE  ALIGN
=======              =====    =============   ===========     ====  ====  =====
DATA16_AN                              0102 - 0103               2   rel    0
                                       015C - 015D               2 
                                       0166 - 0169               4 
                                       016C - 016F               4 
                                       0200 - 0207               8 
                                       020A - 020B               2 
                                       0220 - 0227               8 
                                       0240 - 0247               8 
                                       024A - 024B               2 
                                       0262 - 0267               6 
                                       0340 - 0341               2 
                                       0344 - 034B               8 
                                       0352 - 035B               A 
DATA16_I                               2400 - 2420              21   rel    1
DATA16_Z                               2422 - 2426               5   rel    1
DATA20_Z                                  2428                       rel    1
DATA20_I                                  2428                       rel    1
CODE_I                                    2428                       rel    1
DATA20_N                                  2428                       rel    1
CSTACK                                 4360 - 43FF              A0   rel    1
DATA16_C                               4400 - 4C17             818   rel    0
DATA16_ID                              4C18 - 4C38              21   rel    1
CSTART                                 4C3A - 4C61              28   rel    1
<CODE> 1                               4C62 - 54A3             842   rel    1
DATA20_ID                                 54A4                       rel    1
DATA20_C                                  54A4                       rel    1
CODE_ID                                   54A4                       rel    1
RESET                                  FFFE - FFFF               2   rel    1

                ****************************************
                *                                      *
                *        END OF CROSS REFERENCE        *
                *                                      *
                ****************************************

 2 156 bytes of CODE  memory
   198 bytes of DATA  memory (+ 66 absolute )
 2 105 bytes of CONST memory

Errors: none
Warnings: none

