<html>
<body>
<pre>
<h1>µVision Build Log</h1>
<h2>Tool Versions:</h2>
IDE-Version: ¦ÌVision V5.29.0.0
Copyright (C) 2019 ARM Ltd and ARM Germany GmbH. All rights reserved.
License Information: JIAN LAI, CHENPINGAN, LIC=585FJ-UZFSB-ARMXW-QZUSX-R37TZ-KNMWI
 
Tool Versions:
Toolchain:       MDK-ARM Plus  Version: 5.29.0.0
Toolchain Path:  D:\program__f5\KEIL\KEIL_CORE\ARM\ARMCC\Bin
C Compiler:      Armcc.exe V5.06 update 6 (build 750)
Assembler:       Armasm.exe V5.06 update 6 (build 750)
Linker/Locator:  ArmLink.exe V5.06 update 6 (build 750)
Library Manager: ArmAr.exe V5.06 update 6 (build 750)
Hex Converter:   FromElf.exe V5.06 update 6 (build 750)
CPU DLL:         SARMCM3.DLL V5.29.0.0
Dialog DLL:      DCM.DLL V1.17.3.0
Target DLL:      UL2CM3.DLL V1.163.0.0
Dialog DLL:      TCM.DLL V1.36.5.0
 
<h2>Project:</h2>
E:\qingshu_STM32\STM32\stm32_diansai\Project\diansai_zhunbei.uvprojx
Project File Date:  10/18/2020

<h2>Output:</h2>
*** Using Compiler 'V5.06 update 6 (build 750)', folder: 'D:\program__f5\KEIL\KEIL_CORE\ARM\ARMCC\Bin'
Build target 'diansai_zhunbei'
compiling ADC.c...
compiling stm32f10x_it.c...
compiling adc_Double.c...
compiling DAC.c...
compiling exti_key.c...
compiling main.c...
..\main\main.c(30): warning:  #550-D: variable "t"  was set but never used
  	u8 t;
..\main\main.c: 1 warning, 0 errors
compiling PID_position.c...
compiling lcd.c...
compiling SPI_1.c...
compiling PWM_IC.c...
compiling TIM.c...
compiling PWM.c...
compiling UART_1.c...
compiling bsp_usart_dma.c...
..\SPI_UART\bsp_usart_dma.c(146): warning:  #550-D: variable "ClearFlag"  was set but never used
  	uint8_t  ClearFlag;
..\SPI_UART\bsp_usart_dma.c: 1 warning, 0 errors
compiling NRF24L01.c...
compiling oled.c...
assembling startup_stm32f10x_hd.s...
compiling sys.c...
compiling system_stm32f10x.c...
compiling stm32f10x_bkp.c...
compiling misc.c...
compiling PID_UP.c...
compiling stm32f10x_adc.c...
compiling core_cm3.c...
compiling stm32f10x_cec.c...
compiling stm32f10x_dbgmcu.c...
compiling stm32f10x_crc.c...
compiling stm32f10x_dac.c...
compiling stm32f10x_exti.c...
compiling stm32f10x_can.c...
compiling stm32f10x_dma.c...
compiling stm32f10x_flash.c...
compiling stm32f10x_i2c.c...
compiling stm32f10x_rtc.c...
compiling stm32f10x_gpio.c...
compiling stm32f10x_iwdg.c...
compiling stm32f10x_pwr.c...
compiling stm32f10x_fsmc.c...
compiling stm32f10x_rcc.c...
compiling stm32f10x_sdio.c...
compiling stm32f10x_spi.c...
compiling stm32f10x_wwdg.c...
compiling stm32f10x_usart.c...
compiling stm32f10x_tim.c...
linking...
Program Size: Code=10522 RO-data=5070 RW-data=76 ZI-data=1124  
FromELF: creating hex file...
".\diansai_.axf" - 0 Error(s), 2 Warning(s).

<h2>Software Packages used:</h2>

Package Vendor: Keil
                http://www.keil.com/pack/Keil.STM32F1xx_DFP.2.3.0.pack
                Keil.STM32F1xx_DFP.2.3.0
                STMicroelectronics STM32F1 Series Device Support, Drivers and Examples

<h2>Collection of Component include folders:</h2>
  .\RTE\_diansai_zhunbei
  D:\program__f5\KEIL\KEIL_PACK\Keil\STM32F1xx_DFP\2.3.0\Device\Include

<h2>Collection of Component Files used:</h2>
Build Time Elapsed:  00:00:06
</pre>
</body>
</html>
